To honour the JVM settings for this build a single-use Daemon process will be forked. For more on this, please refer to https://docs.gradle.org/8.9/userguide/gradle_daemon.html#sec:disabling_the_daemon in the Gradle documentation.
Daemon will be stopped at the end of the build 
> Task :app:preBuild UP-TO-DATE
> Task :app:preDebugBuild UP-TO-DATE
> Task :app:javaPreCompileDebug
> Task :app:generateDebugResValues
> Task :app:checkDebugAarMetadata
> Task :app:mapDebugSourceSetPaths
> Task :app:generateDebugResources
> Task :app:packageDebugResources
> Task :app:mergeDebugResources
> Task :app:createDebugCompatibleScreenManifests
> Task :app:extractDeepLinksDebug
> Task :app:parseDebugLocalResources
> Task :app:processDebugMainManifest
> Task :app:processDebugManifest
> Task :app:preDebugUnitTestBuild UP-TO-DATE
> Task :app:javaPreCompileDebugUnitTest FROM-CACHE
> Task :app:mergeDebugShaders
> Task :app:compileDebugShaders NO-SOURCE
> Task :app:processDebugManifestForPackage
> Task :app:generateDebugAssets UP-TO-DATE
> Task :app:mergeDebugAssets
> Task :app:processDebugJavaRes NO-SOURCE
> Task :app:processDebugUnitTestJavaRes NO-SOURCE
> Task :app:processDebugResources

> Task :app:compileDebugJavaWithJavac
Note: Some input files use or override a deprecated API.
Note: Recompile with -Xlint:deprecation for details.

> Task :app:bundleDebugClassesToCompileJar
> Task :app:bundleDebugClassesToRuntimeJar
> Task :app:packageDebugUnitTestForUnitTest
> Task :app:compileDebugUnitTestJavaWithJavac
> Task :app:generateDebugUnitTestConfig

> Task :app:testDebugUnitTest

SmokeTest > appOpensAndTabsWork STANDARD_OUT
    === ОТЧЁТ ===
    вкладка Главная: элементов 30 ← первый заход
    вкладка Поиск: элементов 5 ← первый заход
    вкладка Обзор: элементов 8 ← первый заход
    вкладка Медиатека: элементов 3 ← первый заход
    вкладка Главная: элементов 30 ← возврат
    вкладка Поиск: элементов 5 ← возврат
    вкладка Обзор: элементов 8 ← возврат
    вкладка Медиатека: элементов 3 ← возврат
    скачанное: элементов 5
    после аниме-ошибки: элементов 3
    первый текст медиатеки: Медиатека
    финал, вкладка Главная: элементов 30
    финал, вкладка Поиск: элементов 5
    финал, вкладка Обзор: элементов 8
    финал, вкладка Медиатека: элементов 5
    исполнитель: элементов 0
    подборка: Главная | Поиск | Обзор | Медиатека | Сейчас играет | Ничего не играет | 0:00 | 0:00
    тексты Главной: AniBeat | Жанры | Экшен | Фантастика | Романтика | Комедия
    перехваченных сбоев: 0
    нажатий: 133, падений: 0

BUILD SUCCESSFUL in 1m 24s
24 actionable tasks: 23 executed, 1 from cache
